---
source: compiler/parser/src/string.rs
expression: parse_ast
---
[
    Located {
        location: Location {
            row: 1,
            column: 0,
        },
        end_location: Some(
            Location {
                row: 1,
                column: 8,
            },
        ),
        custom: (),
        node: Expr {
            value: Located {
                location: Location {
                    row: 1,
                    column: 0,
                },
                end_location: Some(
                    Location {
                        row: 1,
                        column: 8,
                    },
                ),
                custom: (),
                node: JoinedStr {
                    values: [
                        Located {
                            location: Location {
                                row: 1,
                                column: 0,
                            },
                            end_location: Some(
                                Location {
                                    row: 1,
                                    column: 8,
                                },
                            ),
                            custom: (),
                            node: Constant {
                                value: Str(
                                    "\\",
                                ),
                                kind: None,
                            },
                        },
                        Located {
                            location: Location {
                                row: 1,
                                column: 0,
                            },
                            end_location: Some(
                                Location {
                                    row: 1,
                                    column: 8,
                                },
                            ),
                            custom: (),
                            node: FormattedValue {
                                value: Located {
                                    location: Location {
                                        row: 1,
                                        column: 5,
                                    },
                                    end_location: Some(
                                        Location {
                                            row: 1,
                                            column: 6,
                                        },
                                    ),
                                    custom: (),
                                    node: Name {
                                        id: "x",
                                        ctx: Load,
                                    },
                                },
                                conversion: 0,
                                format_spec: None,
                            },
                        },
                    ],
                },
            },
        },
    },
]
