---
source: compiler/parser/src/context.rs
expression: parse_ast
---
[
    Located {
        location: Location {
            row: 1,
            column: 0,
        },
        end_location: Some(
            Location {
                row: 1,
                column: 5,
            },
        ),
        custom: (),
        node: Delete {
            targets: [
                Located {
                    location: Location {
                        row: 1,
                        column: 4,
                    },
                    end_location: Some(
                        Location {
                            row: 1,
                            column: 5,
                        },
                    ),
                    custom: (),
                    node: Name {
                        id: "x",
                        ctx: Del,
                    },
                },
            ],
        },
    },
]
